// Jest Snapshot v1, https://goo.gl/fbAQLP

exports[`Using the FelaTheme component correctly pass the theme down 1`] = `
"

<div data-reactroot>
  {/* react-text: 2 */}The color is {/* /react-text */}
  {/* react-text: 3 */}red{/* /react-text */}
  {/* react-text: 4 */}.{/* /react-text */}
</div>;
"
`;
