// Jest Snapshot v1, https://goo.gl/fbAQLP

exports[`Connecting DOM nodes should initialize nodes 1`] = `
Array [
  Array [
    "RULEfalse",
    "RULEtrue",
    "RULE(min-height: 800px)false",
    "RULE(min-height: 800px)true",
  ],
  "<html>

<head>
  <style data-fela-type=\\"RULE\\" type=\\"text/css\\">
    .a {
      color: red
    }
  </style>
  <style data-fela-type=\\"RULE\\" type=\\"text/css\\" data-fela-support=\\"true\\">
    @supports (display: flex) {
      .c {
        color: yellow
      }
    }
  </style>
  <style data-fela-type=\\"RULE\\" type=\\"text/css\\" media=\\"(min-height: 800px)\\">
    .b {
      color: blue
    }
  </style>
  <style data-fela-type=\\"RULE\\" type=\\"text/css\\" data-fela-support=\\"true\\" media=\\"(min-height: 800px)\\">
    @supports (display: flex) {
      .d {
        color: green
      }
    }
  </style>
</head>

<body></body>

</html>",
]
`;
